{"data-points": [{"data_point": "9XKj7fAmvwPUas9GFPZuTpev7T03", "error": "Input signal length=0 is too small to resample from 16000->22050"}, {"data_point": "TRK6gUseEUS7dbF0soG80W1uLm53", "error": "Input signal length=0 is too small to resample from 16000->22050"}, {"data_point": "f9g4olEAspen4dJakQJsI2EME032", "error": "Input signal length=0 is too small to resample from 48000->22050"}, {"data_point": "697xpWya0DbSEN4Y6tsEH3BchHw1", "error": "Input signal length=0 is too small to resample from 16000->22050"}, {"data_point": "9Rhe6RDHuMNXaGiqKVaspw71Exo1", "error": "Input signal length=0 is too small to resample from 16000->22050"}, {"data_point": "cbmcTV6z0NVgO0i6yeYyAO7AoI72", "error": "Input signal length=0 is too small to resample from 16000->22050"}, {"data_point": "sbdVe2aEGKeFcPXdhSf5QOuA5qA3", "error": "Input signal length=0 is too small to resample from 16000->22050"}, {"data_point": "SG95RAgm0wY3bzyIZPPSpHwyYuD3", "error": "Input signal length=0 is too small to resample from 48000->22050"}, {"data_point": "TLfuOcZh0HfnVRRdez4CxLFiPki2", "error": "Input signal length=0 is too small to resample from 16000->22050"}, {"data_point": "Vq1h51z5x3Wp4wS2pCm6yEAZvu82", "error": "Input signal length=0 is too small to resample from 16000->22050"}, {"data_point": "C7Km0KttQRMMM6UoyocajfgZAOB3", "error": "Input signal length=0 is too small to resample from 16000->22050"}, {"data_point": "XFX3DxpzWlTsqde0wmliVzvRXnf1", "error": "Input signal length=0 is too small to resample from 16000->22050"}, {"data_point": "C3luMlCgAFZqGmGjFscXe9fVHSG3", "error": "Input signal length=0 is too small to resample from 48000->22050"}, {"data_point": "FJTHLyF7sGYFJpundI1mZ28HQQ03", "error": "Input signal length=0 is too small to resample from 16000->22050"}, {"data_point": "I5gTlFVoKbVFGCKxwV6QXSOdkZN2", "error": "Input signal length=0 is too small to resample from 16000->22050"}, {"data_point": "mNcNjQMsv8aZXFGuguWbLdmkOQk2", "error": "Input signal length=0 is too small to resample from 16000->22050"}, {"data_point": "VxQekDvwa3N5B2FqB4FlQ5jBjTp2", "error": "Input signal length=0 is too small to resample from 16000->22050"}, {"data_point": "8Suz7Jl7GtXpdB7UeIPtLuZb1Lp2", "error": "Input signal length=0 is too small to resample from 16000->22050"}, {"data_point": "8Iug9hOgiBZTCKZuDxazXlamW0g1", "error": "Input signal length=0 is too small to resample from 16000->22050"}, {"data_point": "zFDUIa5rb2OG7IXXSI5vXVsoLa32", "error": "Input signal length=0 is too small to resample from 16000->22050"}, {"data_point": "DycfRd7vyobY2PgwT3rQOemSbP53", "error": "Input signal length=0 is too small to resample from 16000->22050"}, {"data_point": "JUVJnOVJKKcdzppK3hkci4TO4ij1", "error": "Input signal length=0 is too small to resample from 16000->22050"}, {"data_point": "kgjTguvo3vZJTO7F1qO9GxEicbA3", "error": "Input signal length=0 is too small to resample from 16000->22050"}, {"data_point": "Ts5Rbl9h9pWKqCQPJwoTduGvjMm2", "error": "Input signal length=0 is too small to resample from 16000->22050"}, {"data_point": "Tfvspm3rapd3ZLyAoMG36VxNQnr2", "error": "Input signal length=0 is too small to resample from 16000->22050"}, {"data_point": "pBBuvcoBj7hjmNVYFICT4hQYRGw1", "error": "Input signal length=0 is too small to resample from 48000->22050"}]}